Archive member included to satisfy reference by file (symbol)

/Users/holawe/Documents/LPCXpresso_8.2.0/workspace/CMSISv2p00_LPC17xx/Debug/libCMSISv2p00_LPC17xx.a(system_LPC17xx.o)
                              ./src/cr_startup_lpc175x_6x.o (SystemInit)
/Applications/lpcxpresso_8.2.0_647/lpcxpresso/tools/bin/../lib/gcc/arm-none-eabi/5.3.1/../../../../arm-none-eabi/lib/armv7-m/libcr_c.a(__weak__main.o)
                              ./src/cr_startup_lpc175x_6x.o (__main)
/Applications/lpcxpresso_8.2.0_647/lpcxpresso/tools/bin/../lib/gcc/arm-none-eabi/5.3.1/armv7-m/libcr_eabihelpers.a(division_64.o)
                              /Users/holawe/Documents/LPCXpresso_8.2.0/workspace/CMSISv2p00_LPC17xx/Debug/libCMSISv2p00_LPC17xx.a(system_LPC17xx.o) (__aeabi_uldivmod)
/Applications/lpcxpresso_8.2.0_647/lpcxpresso/tools/bin/../lib/gcc/arm-none-eabi/5.3.1/armv7-m/libcr_eabihelpers.a(division_idiv0.o)
                              /Applications/lpcxpresso_8.2.0_647/lpcxpresso/tools/bin/../lib/gcc/arm-none-eabi/5.3.1/armv7-m/libcr_eabihelpers.a(division_64.o) (__aeabi_idiv0)
/Applications/lpcxpresso_8.2.0_647/lpcxpresso/tools/bin/../lib/gcc/arm-none-eabi/5.3.1/armv7-m/libcr_eabihelpers.a(float.o)
                              ./src/TPFinal.o (__aeabi_fdiv)

Discarded input sections

 .group         0x0000000000000000        0x8 ./src/TPFinal.o
 .group         0x0000000000000000        0x8 ./src/TPFinal.o
 .group         0x0000000000000000        0x8 ./src/TPFinal.o
 .group         0x0000000000000000        0x8 ./src/TPFinal.o
 .group         0x0000000000000000        0x8 ./src/TPFinal.o
 .group         0x0000000000000000        0x8 ./src/TPFinal.o
 .group         0x0000000000000000        0x8 ./src/TPFinal.o
 .group         0x0000000000000000        0x8 ./src/TPFinal.o
 .group         0x0000000000000000        0x8 ./src/TPFinal.o
 .group         0x0000000000000000        0x8 ./src/TPFinal.o
 .text          0x0000000000000000        0x0 ./src/TPFinal.o
 .data          0x0000000000000000        0x0 ./src/TPFinal.o
 .bss           0x0000000000000000        0x0 ./src/TPFinal.o
 .rodata.fio0dir
                0x0000000000000000        0x4 ./src/TPFinal.o
 .rodata.fio0pin
                0x0000000000000000        0x4 ./src/TPFinal.o
 .rodata.fio0set
                0x0000000000000000        0x4 ./src/TPFinal.o
 .rodata.fio0clr
                0x0000000000000000        0x4 ./src/TPFinal.o
 .rodata.t0ir   0x0000000000000000        0x4 ./src/TPFinal.o
 .rodata.t0tcr  0x0000000000000000        0x4 ./src/TPFinal.o
 .rodata.t0pr   0x0000000000000000        0x4 ./src/TPFinal.o
 .rodata.t0mcr  0x0000000000000000        0x4 ./src/TPFinal.o
 .rodata.t0mr0  0x0000000000000000        0x4 ./src/TPFinal.o
 .rodata.t0ctcr
                0x0000000000000000        0x4 ./src/TPFinal.o
 .rodata.t0ccr  0x0000000000000000        0x4 ./src/TPFinal.o
 .rodata.cr0    0x0000000000000000        0x4 ./src/TPFinal.o
 .rodata.t1ir   0x0000000000000000        0x4 ./src/TPFinal.o
 .rodata.t1tcr  0x0000000000000000        0x4 ./src/TPFinal.o
 .rodata.t1pr   0x0000000000000000        0x4 ./src/TPFinal.o
 .rodata.t1mcr  0x0000000000000000        0x4 ./src/TPFinal.o
 .rodata.t1mr0  0x0000000000000000        0x4 ./src/TPFinal.o
 .rodata.t1ctcr
                0x0000000000000000        0x4 ./src/TPFinal.o
 .rodata.pinsel3
                0x0000000000000000        0x4 ./src/TPFinal.o
 .rodata.iser0  0x0000000000000000        0x4 ./src/TPFinal.o
 .rodata.icer0  0x0000000000000000        0x4 ./src/TPFinal.o
 .rodata.iabr0  0x0000000000000000        0x4 ./src/TPFinal.o
 .rodata.io0intenr
                0x0000000000000000        0x4 ./src/TPFinal.o
 .rodata.io0intclr
                0x0000000000000000        0x4 ./src/TPFinal.o
 .rodata.pconp  0x0000000000000000        0x4 ./src/TPFinal.o
 .rodata.u0dll  0x0000000000000000        0x4 ./src/TPFinal.o
 .rodata.u0dlm  0x0000000000000000        0x4 ./src/TPFinal.o
 .rodata.u0lcr  0x0000000000000000        0x4 ./src/TPFinal.o
 .rodata.u0lsr  0x0000000000000000        0x4 ./src/TPFinal.o
 .rodata.u0thr  0x0000000000000000        0x4 ./src/TPFinal.o
 .rodata.pinsel0
                0x0000000000000000        0x4 ./src/TPFinal.o
 .bss.transmitir
                0x0000000000000000        0x4 ./src/TPFinal.o
 .group         0x0000000000000000        0x8 ./src/cr_startup_lpc175x_6x.o
 .text          0x0000000000000000        0x0 ./src/cr_startup_lpc175x_6x.o
 .data          0x0000000000000000        0x0 ./src/cr_startup_lpc175x_6x.o
 .bss           0x0000000000000000        0x0 ./src/cr_startup_lpc175x_6x.o
 .debug_macro   0x0000000000000000      0x88c ./src/cr_startup_lpc175x_6x.o
 .group         0x0000000000000000        0x8 ./src/crp.o
 .group         0x0000000000000000        0x8 ./src/crp.o
 .text          0x0000000000000000        0x0 ./src/crp.o
 .data          0x0000000000000000        0x0 ./src/crp.o
 .bss           0x0000000000000000        0x0 ./src/crp.o
 .debug_macro   0x0000000000000000      0x88c ./src/crp.o
 .group         0x0000000000000000        0x8 /Users/holawe/Documents/LPCXpresso_8.2.0/workspace/CMSISv2p00_LPC17xx/Debug/libCMSISv2p00_LPC17xx.a(system_LPC17xx.o)
 .group         0x0000000000000000        0x8 /Users/holawe/Documents/LPCXpresso_8.2.0/workspace/CMSISv2p00_LPC17xx/Debug/libCMSISv2p00_LPC17xx.a(system_LPC17xx.o)
 .group         0x0000000000000000        0x8 /Users/holawe/Documents/LPCXpresso_8.2.0/workspace/CMSISv2p00_LPC17xx/Debug/libCMSISv2p00_LPC17xx.a(system_LPC17xx.o)
 .group         0x0000000000000000        0x8 /Users/holawe/Documents/LPCXpresso_8.2.0/workspace/CMSISv2p00_LPC17xx/Debug/libCMSISv2p00_LPC17xx.a(system_LPC17xx.o)
 .group         0x0000000000000000        0x8 /Users/holawe/Documents/LPCXpresso_8.2.0/workspace/CMSISv2p00_LPC17xx/Debug/libCMSISv2p00_LPC17xx.a(system_LPC17xx.o)
 .group         0x0000000000000000        0x8 /Users/holawe/Documents/LPCXpresso_8.2.0/workspace/CMSISv2p00_LPC17xx/Debug/libCMSISv2p00_LPC17xx.a(system_LPC17xx.o)
 .group         0x0000000000000000        0x8 /Users/holawe/Documents/LPCXpresso_8.2.0/workspace/CMSISv2p00_LPC17xx/Debug/libCMSISv2p00_LPC17xx.a(system_LPC17xx.o)
 .group         0x0000000000000000        0x8 /Users/holawe/Documents/LPCXpresso_8.2.0/workspace/CMSISv2p00_LPC17xx/Debug/libCMSISv2p00_LPC17xx.a(system_LPC17xx.o)
 .group         0x0000000000000000        0x8 /Users/holawe/Documents/LPCXpresso_8.2.0/workspace/CMSISv2p00_LPC17xx/Debug/libCMSISv2p00_LPC17xx.a(system_LPC17xx.o)
 .text          0x0000000000000000        0x0 /Users/holawe/Documents/LPCXpresso_8.2.0/workspace/CMSISv2p00_LPC17xx/Debug/libCMSISv2p00_LPC17xx.a(system_LPC17xx.o)
 .data          0x0000000000000000        0x0 /Users/holawe/Documents/LPCXpresso_8.2.0/workspace/CMSISv2p00_LPC17xx/Debug/libCMSISv2p00_LPC17xx.a(system_LPC17xx.o)
 .bss           0x0000000000000000        0x0 /Users/holawe/Documents/LPCXpresso_8.2.0/workspace/CMSISv2p00_LPC17xx/Debug/libCMSISv2p00_LPC17xx.a(system_LPC17xx.o)
 .text.SystemCoreClockUpdate
                0x0000000000000000       0xb4 /Users/holawe/Documents/LPCXpresso_8.2.0/workspace/CMSISv2p00_LPC17xx/Debug/libCMSISv2p00_LPC17xx.a(system_LPC17xx.o)
 .data.SystemCoreClock
                0x0000000000000000        0x4 /Users/holawe/Documents/LPCXpresso_8.2.0/workspace/CMSISv2p00_LPC17xx/Debug/libCMSISv2p00_LPC17xx.a(system_LPC17xx.o)
 .debug_macro   0x0000000000000000       0x10 /Users/holawe/Documents/LPCXpresso_8.2.0/workspace/CMSISv2p00_LPC17xx/Debug/libCMSISv2p00_LPC17xx.a(system_LPC17xx.o)
 .debug_macro   0x0000000000000000      0x12d /Users/holawe/Documents/LPCXpresso_8.2.0/workspace/CMSISv2p00_LPC17xx/Debug/libCMSISv2p00_LPC17xx.a(system_LPC17xx.o)
 .debug_macro   0x0000000000000000      0x5b2 /Users/holawe/Documents/LPCXpresso_8.2.0/workspace/CMSISv2p00_LPC17xx/Debug/libCMSISv2p00_LPC17xx.a(system_LPC17xx.o)
 .debug_macro   0x0000000000000000       0x1c /Users/holawe/Documents/LPCXpresso_8.2.0/workspace/CMSISv2p00_LPC17xx/Debug/libCMSISv2p00_LPC17xx.a(system_LPC17xx.o)
 .debug_macro   0x0000000000000000       0x2e /Users/holawe/Documents/LPCXpresso_8.2.0/workspace/CMSISv2p00_LPC17xx/Debug/libCMSISv2p00_LPC17xx.a(system_LPC17xx.o)
 .debug_macro   0x0000000000000000       0x18 /Users/holawe/Documents/LPCXpresso_8.2.0/workspace/CMSISv2p00_LPC17xx/Debug/libCMSISv2p00_LPC17xx.a(system_LPC17xx.o)
 .debug_macro   0x0000000000000000      0x7af /Users/holawe/Documents/LPCXpresso_8.2.0/workspace/CMSISv2p00_LPC17xx/Debug/libCMSISv2p00_LPC17xx.a(system_LPC17xx.o)
 .debug_macro   0x0000000000000000      0x2c7 /Users/holawe/Documents/LPCXpresso_8.2.0/workspace/CMSISv2p00_LPC17xx/Debug/libCMSISv2p00_LPC17xx.a(system_LPC17xx.o)
 .text          0x0000000000000000        0x0 /Applications/lpcxpresso_8.2.0_647/lpcxpresso/tools/bin/../lib/gcc/arm-none-eabi/5.3.1/../../../../arm-none-eabi/lib/armv7-m/libcr_c.a(__weak__main.o)
 .data          0x0000000000000000        0x0 /Applications/lpcxpresso_8.2.0_647/lpcxpresso/tools/bin/../lib/gcc/arm-none-eabi/5.3.1/../../../../arm-none-eabi/lib/armv7-m/libcr_c.a(__weak__main.o)
 .bss           0x0000000000000000        0x0 /Applications/lpcxpresso_8.2.0_647/lpcxpresso/tools/bin/../lib/gcc/arm-none-eabi/5.3.1/../../../../arm-none-eabi/lib/armv7-m/libcr_c.a(__weak__main.o)
 .text          0x0000000000000000        0x0 /Applications/lpcxpresso_8.2.0_647/lpcxpresso/tools/bin/../lib/gcc/arm-none-eabi/5.3.1/armv7-m/libcr_eabihelpers.a(division_64.o)
 .data          0x0000000000000000        0x0 /Applications/lpcxpresso_8.2.0_647/lpcxpresso/tools/bin/../lib/gcc/arm-none-eabi/5.3.1/armv7-m/libcr_eabihelpers.a(division_64.o)
 .bss           0x0000000000000000        0x0 /Applications/lpcxpresso_8.2.0_647/lpcxpresso/tools/bin/../lib/gcc/arm-none-eabi/5.3.1/armv7-m/libcr_eabihelpers.a(division_64.o)
 .text.__aeabi_division_ldivmod
                0x0000000000000000       0x26 /Applications/lpcxpresso_8.2.0_647/lpcxpresso/tools/bin/../lib/gcc/arm-none-eabi/5.3.1/armv7-m/libcr_eabihelpers.a(division_64.o)
 .text.__aeabi_division_uldivmod
                0x0000000000000000      0x174 /Applications/lpcxpresso_8.2.0_647/lpcxpresso/tools/bin/../lib/gcc/arm-none-eabi/5.3.1/armv7-m/libcr_eabihelpers.a(division_64.o)
 .ARM.attributes
                0x0000000000000000       0x21 /Applications/lpcxpresso_8.2.0_647/lpcxpresso/tools/bin/../lib/gcc/arm-none-eabi/5.3.1/armv7-m/libcr_eabihelpers.a(division_64.o)
 .text          0x0000000000000000        0x0 /Applications/lpcxpresso_8.2.0_647/lpcxpresso/tools/bin/../lib/gcc/arm-none-eabi/5.3.1/armv7-m/libcr_eabihelpers.a(division_idiv0.o)
 .data          0x0000000000000000        0x0 /Applications/lpcxpresso_8.2.0_647/lpcxpresso/tools/bin/../lib/gcc/arm-none-eabi/5.3.1/armv7-m/libcr_eabihelpers.a(division_idiv0.o)
 .bss           0x0000000000000000        0x0 /Applications/lpcxpresso_8.2.0_647/lpcxpresso/tools/bin/../lib/gcc/arm-none-eabi/5.3.1/armv7-m/libcr_eabihelpers.a(division_idiv0.o)
 .text.__aeabi_division_idiv0
                0x0000000000000000        0x2 /Applications/lpcxpresso_8.2.0_647/lpcxpresso/tools/bin/../lib/gcc/arm-none-eabi/5.3.1/armv7-m/libcr_eabihelpers.a(division_idiv0.o)
 .ARM.attributes
                0x0000000000000000       0x21 /Applications/lpcxpresso_8.2.0_647/lpcxpresso/tools/bin/../lib/gcc/arm-none-eabi/5.3.1/armv7-m/libcr_eabihelpers.a(division_idiv0.o)
 .text          0x0000000000000000        0x0 /Applications/lpcxpresso_8.2.0_647/lpcxpresso/tools/bin/../lib/gcc/arm-none-eabi/5.3.1/armv7-m/libcr_eabihelpers.a(float.o)
 .data          0x0000000000000000        0x0 /Applications/lpcxpresso_8.2.0_647/lpcxpresso/tools/bin/../lib/gcc/arm-none-eabi/5.3.1/armv7-m/libcr_eabihelpers.a(float.o)
 .bss           0x0000000000000000        0x0 /Applications/lpcxpresso_8.2.0_647/lpcxpresso/tools/bin/../lib/gcc/arm-none-eabi/5.3.1/armv7-m/libcr_eabihelpers.a(float.o)
 .text.__aeabi_fmul
                0x0000000000000000       0xb0 /Applications/lpcxpresso_8.2.0_647/lpcxpresso/tools/bin/../lib/gcc/arm-none-eabi/5.3.1/armv7-m/libcr_eabihelpers.a(float.o)
 .text.__aeabi_fsub
                0x0000000000000000       0xe0 /Applications/lpcxpresso_8.2.0_647/lpcxpresso/tools/bin/../lib/gcc/arm-none-eabi/5.3.1/armv7-m/libcr_eabihelpers.a(float.o)
 .text.__aeabi_fadd
                0x0000000000000000       0xac /Applications/lpcxpresso_8.2.0_647/lpcxpresso/tools/bin/../lib/gcc/arm-none-eabi/5.3.1/armv7-m/libcr_eabihelpers.a(float.o)
 .text.__aeabi_frsub
                0x0000000000000000        0xc /Applications/lpcxpresso_8.2.0_647/lpcxpresso/tools/bin/../lib/gcc/arm-none-eabi/5.3.1/armv7-m/libcr_eabihelpers.a(float.o)
 .text.__aeabi_fneg
                0x0000000000000000        0x6 /Applications/lpcxpresso_8.2.0_647/lpcxpresso/tools/bin/../lib/gcc/arm-none-eabi/5.3.1/armv7-m/libcr_eabihelpers.a(float.o)
 .text.__aeabi_f2uiz
                0x0000000000000000       0x28 /Applications/lpcxpresso_8.2.0_647/lpcxpresso/tools/bin/../lib/gcc/arm-none-eabi/5.3.1/armv7-m/libcr_eabihelpers.a(float.o)
 .text.__aeabi_f2lz
                0x0000000000000000       0x5a /Applications/lpcxpresso_8.2.0_647/lpcxpresso/tools/bin/../lib/gcc/arm-none-eabi/5.3.1/armv7-m/libcr_eabihelpers.a(float.o)
 .text.__aeabi_f2ulz
                0x0000000000000000       0x3e /Applications/lpcxpresso_8.2.0_647/lpcxpresso/tools/bin/../lib/gcc/arm-none-eabi/5.3.1/armv7-m/libcr_eabihelpers.a(float.o)
 .text.__bhs_ul2f
                0x0000000000000000       0x46 /Applications/lpcxpresso_8.2.0_647/lpcxpresso/tools/bin/../lib/gcc/arm-none-eabi/5.3.1/armv7-m/libcr_eabihelpers.a(float.o)
 .text.__aeabi_ui2f
                0x0000000000000000        0x8 /Applications/lpcxpresso_8.2.0_647/lpcxpresso/tools/bin/../lib/gcc/arm-none-eabi/5.3.1/armv7-m/libcr_eabihelpers.a(float.o)
 .text.__aeabi_l2f
                0x0000000000000000       0x18 /Applications/lpcxpresso_8.2.0_647/lpcxpresso/tools/bin/../lib/gcc/arm-none-eabi/5.3.1/armv7-m/libcr_eabihelpers.a(float.o)
 .text.__aeabi_ul2f
                0x0000000000000000        0x8 /Applications/lpcxpresso_8.2.0_647/lpcxpresso/tools/bin/../lib/gcc/arm-none-eabi/5.3.1/armv7-m/libcr_eabihelpers.a(float.o)
 .text.__aeabi_f2d
                0x0000000000000000       0x38 /Applications/lpcxpresso_8.2.0_647/lpcxpresso/tools/bin/../lib/gcc/arm-none-eabi/5.3.1/armv7-m/libcr_eabihelpers.a(float.o)
 .text.__aeabi_fcmpeq
                0x0000000000000000       0x1e /Applications/lpcxpresso_8.2.0_647/lpcxpresso/tools/bin/../lib/gcc/arm-none-eabi/5.3.1/armv7-m/libcr_eabihelpers.a(float.o)
 .text.__aeabi_fcmplt
                0x0000000000000000       0x3a /Applications/lpcxpresso_8.2.0_647/lpcxpresso/tools/bin/../lib/gcc/arm-none-eabi/5.3.1/armv7-m/libcr_eabihelpers.a(float.o)
 .text.__aeabi_fcmpgt
                0x0000000000000000       0x3a /Applications/lpcxpresso_8.2.0_647/lpcxpresso/tools/bin/../lib/gcc/arm-none-eabi/5.3.1/armv7-m/libcr_eabihelpers.a(float.o)
 .text.__aeabi_fcmple
                0x0000000000000000       0x3e /Applications/lpcxpresso_8.2.0_647/lpcxpresso/tools/bin/../lib/gcc/arm-none-eabi/5.3.1/armv7-m/libcr_eabihelpers.a(float.o)
 .text.__aeabi_fcmpge
                0x0000000000000000       0x3e /Applications/lpcxpresso_8.2.0_647/lpcxpresso/tools/bin/../lib/gcc/arm-none-eabi/5.3.1/armv7-m/libcr_eabihelpers.a(float.o)
 .text.__aeabi_fcmpun
                0x0000000000000000       0x1a /Applications/lpcxpresso_8.2.0_647/lpcxpresso/tools/bin/../lib/gcc/arm-none-eabi/5.3.1/armv7-m/libcr_eabihelpers.a(float.o)
 .text.__aeabi_cfcmple
                0x0000000000000000       0x20 /Applications/lpcxpresso_8.2.0_647/lpcxpresso/tools/bin/../lib/gcc/arm-none-eabi/5.3.1/armv7-m/libcr_eabihelpers.a(float.o)
 .text.__aeabi_cfrcmple
                0x0000000000000000        0xa /Applications/lpcxpresso_8.2.0_647/lpcxpresso/tools/bin/../lib/gcc/arm-none-eabi/5.3.1/armv7-m/libcr_eabihelpers.a(float.o)

Memory Configuration

Name             Origin             Length             Attributes
MFlash512        0x0000000000000000 0x0000000000080000 xr
RamLoc32         0x0000000010000000 0x0000000000008000 xrw
RamAHB32         0x000000002007c000 0x0000000000008000 xrw
*default*        0x0000000000000000 0xffffffffffffffff

Linker script and memory map

LOAD ./src/TPFinal.o
LOAD ./src/cr_startup_lpc175x_6x.o
LOAD ./src/crp.o
LOAD /Users/holawe/Documents/LPCXpresso_8.2.0/workspace/CMSISv2p00_LPC17xx/Debug/libCMSISv2p00_LPC17xx.a
START GROUP
LOAD /Applications/lpcxpresso_8.2.0_647/lpcxpresso/tools/bin/../lib/gcc/arm-none-eabi/5.3.1/../../../../arm-none-eabi/lib/armv7-m/libcr_c.a
LOAD /Applications/lpcxpresso_8.2.0_647/lpcxpresso/tools/bin/../lib/gcc/arm-none-eabi/5.3.1/armv7-m/libcr_eabihelpers.a
END GROUP
                0x0000000000000000                __base_MFlash512 = 0x0
                0x0000000000000000                __base_Flash = 0x0
                0x0000000000080000                __top_MFlash512 = 0x80000
                0x0000000000080000                __top_Flash = 0x80000
                0x0000000010000000                __base_RamLoc32 = 0x10000000
                0x0000000010000000                __base_RAM = 0x10000000
                0x0000000010008000                __top_RamLoc32 = 0x10008000
                0x0000000010008000                __top_RAM = 0x10008000
                0x000000002007c000                __base_RamAHB32 = 0x2007c000
                0x000000002007c000                __base_RAM2 = 0x2007c000
                0x0000000020084000                __top_RamAHB32 = 0x20084000
                0x0000000020084000                __top_RAM2 = 0x20084000

.text           0x0000000000000000      0x880
 FILL mask 0xff
                0x0000000000000000                __vectors_start__ = ABSOLUTE (.)
 *(.isr_vector)
 .isr_vector    0x0000000000000000       0xcc ./src/cr_startup_lpc175x_6x.o
                0x0000000000000000                g_pfnVectors
                0x00000000000000cc                . = ALIGN (0x4)
                0x00000000000000cc                __section_table_start = .
                0x00000000000000cc                __data_section_table = .
                0x00000000000000cc        0x4 LONG 0x880 LOADADDR (.data)
                0x00000000000000d0        0x4 LONG 0x10000000 ADDR (.data)
                0x00000000000000d4        0x4 LONG 0x0 SIZEOF (.data)
                0x00000000000000d8        0x4 LONG 0x880 LOADADDR (.data_RAM2)
                0x00000000000000dc        0x4 LONG 0x2007c000 ADDR (.data_RAM2)
                0x00000000000000e0        0x4 LONG 0x0 SIZEOF (.data_RAM2)
                0x00000000000000e4                __data_section_table_end = .
                0x00000000000000e4                __bss_section_table = .
                0x00000000000000e4        0x4 LONG 0x10000000 ADDR (.bss)
                0x00000000000000e8        0x4 LONG 0x18 SIZEOF (.bss)
                0x00000000000000ec        0x4 LONG 0x2007c000 ADDR (.bss_RAM2)
                0x00000000000000f0        0x4 LONG 0x0 SIZEOF (.bss_RAM2)
                0x00000000000000f4                __bss_section_table_end = .
                0x00000000000000f4                __section_table_end = .
 *(.after_vectors*)
 .after_vectors
                0x00000000000000f4      0x144 ./src/cr_startup_lpc175x_6x.o
                0x00000000000000f4                data_init
                0x0000000000000138                bss_init
                0x0000000000000170                ResetISR
                0x00000000000001e8                NMI_Handler
                0x00000000000001f0                HardFault_Handler
                0x00000000000001f8                MemManage_Handler
                0x0000000000000200                BusFault_Handler
                0x0000000000000208                UsageFault_Handler
                0x0000000000000210                SVC_Handler
                0x0000000000000218                DebugMon_Handler
                0x0000000000000220                PendSV_Handler
                0x0000000000000228                SysTick_Handler
                0x0000000000000230                PLL0_IRQHandler
                0x0000000000000230                CAN_IRQHandler
                0x0000000000000230                PLL1_IRQHandler
                0x0000000000000230                SSP0_IRQHandler
                0x0000000000000230                I2S_IRQHandler
                0x0000000000000230                I2C2_IRQHandler
                0x0000000000000230                RTC_IRQHandler
                0x0000000000000230                SPI_IRQHandler
                0x0000000000000230                TIMER2_IRQHandler
                0x0000000000000230                TIMER1_IRQHandler
                0x0000000000000230                UART2_IRQHandler
                0x0000000000000230                ADC_IRQHandler
                0x0000000000000230                SSP1_IRQHandler
                0x0000000000000230                USB_IRQHandler
                0x0000000000000230                BOD_IRQHandler
                0x0000000000000230                WDT_IRQHandler
                0x0000000000000230                QEI_IRQHandler
                0x0000000000000230                EINT0_IRQHandler
                0x0000000000000230                DMA_IRQHandler
                0x0000000000000230                UART3_IRQHandler
                0x0000000000000230                MCPWM_IRQHandler
                0x0000000000000230                ENET_IRQHandler
                0x0000000000000230                EINT1_IRQHandler
                0x0000000000000230                RIT_IRQHandler
                0x0000000000000230                I2C0_IRQHandler
                0x0000000000000230                USBActivity_IRQHandler
                0x0000000000000230                PWM1_IRQHandler
                0x0000000000000230                I2C1_IRQHandler
                0x0000000000000230                EINT2_IRQHandler
                0x0000000000000230                UART1_IRQHandler
                0x0000000000000230                CANActivity_IRQHandler
                0x0000000000000230                TIMER3_IRQHandler
                0x0000000000000230                UART0_IRQHandler
                0x0000000000000230                IntDefaultHandler
                0x00000000000002fc                . = 0x2fc
 *fill*         0x0000000000000238       0xc4 ff
                0x00000000000002fc                PROVIDE (__CRP_WORD_START__, .)
 *(.crp)
 .crp           0x00000000000002fc        0x4 ./src/crp.o
                0x00000000000002fc                CRP_WORD
                0x0000000000000300                PROVIDE (__CRP_WORD_END__, .)
                0x0000000000000001                ASSERT (! ((__CRP_WORD_START__ == __CRP_WORD_END__)), Linker CRP Enabled, but no CRP_WORD provided within application)
 *(.text*)
 .text.main     0x0000000000000300       0x24 ./src/TPFinal.o
                0x0000000000000300                main
 .text.config_timer0
                0x0000000000000324       0x94 ./src/TPFinal.o
                0x0000000000000324                config_timer0
 .text.config_puerto_serie
                0x00000000000003b8       0x74 ./src/TPFinal.o
                0x00000000000003b8                config_puerto_serie
 .text.config_pines
                0x000000000000042c       0x48 ./src/TPFinal.o
                0x000000000000042c                config_pines
 .text.leer_rojo
                0x0000000000000474       0x1c ./src/TPFinal.o
                0x0000000000000474                leer_rojo
 .text.leer_verde
                0x0000000000000490       0x1c ./src/TPFinal.o
                0x0000000000000490                leer_verde
 .text.leer_azul
                0x00000000000004ac       0x2c ./src/TPFinal.o
                0x00000000000004ac                leer_azul
 .text.TIMER0_IRQHandler
                0x00000000000004d8      0x14c ./src/TPFinal.o
                0x00000000000004d8                TIMER0_IRQHandler
 .text.EINT3_IRQHandler
                0x0000000000000624       0x4c ./src/TPFinal.o
                0x0000000000000624                EINT3_IRQHandler
 .text.SystemInit
                0x0000000000000670       0xe4 /Users/holawe/Documents/LPCXpresso_8.2.0/workspace/CMSISv2p00_LPC17xx/Debug/libCMSISv2p00_LPC17xx.a(system_LPC17xx.o)
                0x0000000000000670                SystemInit
 .text.__weak_main
                0x0000000000000754        0x4 /Applications/lpcxpresso_8.2.0_647/lpcxpresso/tools/bin/../lib/gcc/arm-none-eabi/5.3.1/../../../../arm-none-eabi/lib/armv7-m/libcr_c.a(__weak__main.o)
                0x0000000000000754                __main
                0x0000000000000754                __weak_main
 .text.__aeabi_fdiv
                0x0000000000000758       0xc0 /Applications/lpcxpresso_8.2.0_647/lpcxpresso/tools/bin/../lib/gcc/arm-none-eabi/5.3.1/armv7-m/libcr_eabihelpers.a(float.o)
                0x0000000000000758                __aeabi_fdiv
 .text.__aeabi_f2iz
                0x0000000000000818       0x32 /Applications/lpcxpresso_8.2.0_647/lpcxpresso/tools/bin/../lib/gcc/arm-none-eabi/5.3.1/armv7-m/libcr_eabihelpers.a(float.o)
                0x0000000000000818                __aeabi_f2iz
 .text.__bhs_ui2f
                0x000000000000084a       0x26 /Applications/lpcxpresso_8.2.0_647/lpcxpresso/tools/bin/../lib/gcc/arm-none-eabi/5.3.1/armv7-m/libcr_eabihelpers.a(float.o)
                0x000000000000084a                __bhs_ui2f
 .text.__aeabi_i2f
                0x0000000000000870       0x10 /Applications/lpcxpresso_8.2.0_647/lpcxpresso/tools/bin/../lib/gcc/arm-none-eabi/5.3.1/armv7-m/libcr_eabihelpers.a(float.o)
                0x0000000000000870                __aeabi_i2f
 *(.rodata .rodata.* .constdata .constdata.*)
                0x0000000000000880                . = ALIGN (0x4)

.glue_7         0x0000000000000880        0x0
 .glue_7        0x0000000000000880        0x0 linker stubs

.glue_7t        0x0000000000000880        0x0
 .glue_7t       0x0000000000000880        0x0 linker stubs

.vfp11_veneer   0x0000000000000880        0x0
 .vfp11_veneer  0x0000000000000880        0x0 linker stubs

.v4_bx          0x0000000000000880        0x0
 .v4_bx         0x0000000000000880        0x0 linker stubs

.iplt           0x0000000000000880        0x0
 .iplt          0x0000000000000880        0x0 ./src/TPFinal.o

.rel.dyn        0x0000000000000880        0x0
 .rel.iplt      0x0000000000000880        0x0 ./src/TPFinal.o

.ARM.extab
 *(.ARM.extab* .gnu.linkonce.armextab.*)
                0x0000000000000880                __exidx_start = .

.ARM.exidx
 *(.ARM.exidx* .gnu.linkonce.armexidx.*)
                0x0000000000000880                __exidx_end = .
                0x0000000000000880                _etext = .

.data_RAM2      0x000000002007c000        0x0 load address 0x0000000000000880
 FILL mask 0xff
                [!provide]                        PROVIDE (__start_data_RAM2, .)
 *(.ramfunc.$RAM2)
 *(.ramfunc.$RamAHB32)
 *(.data.$RAM2*)
 *(.data.$RamAHB32*)
                0x000000002007c000                . = ALIGN (0x4)
                [!provide]                        PROVIDE (__end_data_RAM2, .)

.uninit_RESERVED
                0x0000000010000000        0x0
 *(.bss.$RESERVED*)
                0x0000000010000000                . = ALIGN (0x4)
                0x0000000010000000                _end_uninit_RESERVED = .

.data           0x0000000010000000        0x0 load address 0x0000000000000880
 FILL mask 0xff
                0x0000000010000000                _data = .
 *(vtable)
 *(.ramfunc*)
 *(.data*)
                0x0000000010000000                . = ALIGN (0x4)
                0x0000000010000000                _edata = .

.igot.plt       0x0000000010000000        0x0 load address 0x0000000000000880
 .igot.plt      0x0000000010000000        0x0 ./src/TPFinal.o

.bss_RAM2       0x000000002007c000        0x0
                [!provide]                        PROVIDE (__start_bss_RAM2, .)
 *(.bss.$RAM2*)
 *(.bss.$RamAHB32*)
                0x000000002007c000                . = ALIGN ((. != 0x0)?0x4:0x1)
                [!provide]                        PROVIDE (__end_bss_RAM2, .)

.bss            0x0000000010000000       0x18
                0x0000000010000000                _bss = .
 *(.bss*)
 .bss.color_leyendo
                0x0000000010000000        0x4 ./src/TPFinal.o
                0x0000000010000000                color_leyendo
 .bss.vuelta_captura
                0x0000000010000004        0x4 ./src/TPFinal.o
                0x0000000010000004                vuelta_captura
 .bss.tiempo1   0x0000000010000008        0x4 ./src/TPFinal.o
                0x0000000010000008                tiempo1
 .bss.tiempo2   0x000000001000000c        0x4 ./src/TPFinal.o
                0x000000001000000c                tiempo2
 .bss.suma_captura
                0x0000000010000010        0x4 ./src/TPFinal.o
                0x0000000010000010                suma_captura
 .bss.frecuencia_promedio
                0x0000000010000014        0x4 ./src/TPFinal.o
                0x0000000010000014                frecuencia_promedio
 *(COMMON)
                0x0000000010000018                . = ALIGN (0x4)
                0x0000000010000018                _ebss = .
                [!provide]                        PROVIDE (end, .)

.noinit_RAM2    0x000000002007c000        0x0
 *(.noinit.$RAM2*)
 *(.noinit.$RamAHB32*)
                0x000000002007c000                . = ALIGN (0x4)

.noinit         0x0000000010000018        0x0
                0x0000000010000018                _noinit = .
 *(.noinit*)
                0x0000000010000018                . = ALIGN (0x4)
                0x0000000010000018                _end_noinit = .
                [!provide]                        PROVIDE (_pvHeapStart, DEFINED (__user_heap_base)?__user_heap_base:.)
                0x0000000010008000                PROVIDE (_vStackTop, DEFINED (__user_stack_top)?__user_stack_top:(__top_RamLoc32 - 0x0))
                0xffffffffefff74b2                PROVIDE (__valid_user_code_checksum, (0x0 - ((((((_vStackTop + (ResetISR + 0x1)) + (NMI_Handler + 0x1)) + (HardFault_Handler + 0x1)) + (DEFINED (MemManage_Handler)?MemManage_Handler:0x0 + 0x1)) + (DEFINED (BusFault_Handler)?BusFault_Handler:0x0 + 0x1)) + (DEFINED (UsageFault_Handler)?UsageFault_Handler:0x0 + 0x1))))
OUTPUT(TPFinal.axf elf32-littlearm)

.debug_info     0x0000000000000000      0x999
 .debug_info    0x0000000000000000      0x3ef ./src/TPFinal.o
 .debug_info    0x00000000000003ef      0x253 ./src/cr_startup_lpc175x_6x.o
 .debug_info    0x0000000000000642       0x3f ./src/crp.o
 .debug_info    0x0000000000000681      0x318 /Users/holawe/Documents/LPCXpresso_8.2.0/workspace/CMSISv2p00_LPC17xx/Debug/libCMSISv2p00_LPC17xx.a(system_LPC17xx.o)

.debug_abbrev   0x0000000000000000      0x2f5
 .debug_abbrev  0x0000000000000000       0xe4 ./src/TPFinal.o
 .debug_abbrev  0x00000000000000e4       0xf5 ./src/cr_startup_lpc175x_6x.o
 .debug_abbrev  0x00000000000001d9       0x36 ./src/crp.o
 .debug_abbrev  0x000000000000020f       0xe6 /Users/holawe/Documents/LPCXpresso_8.2.0/workspace/CMSISv2p00_LPC17xx/Debug/libCMSISv2p00_LPC17xx.a(system_LPC17xx.o)

.debug_aranges  0x0000000000000000      0x120
 .debug_aranges
                0x0000000000000000       0x60 ./src/TPFinal.o
 .debug_aranges
                0x0000000000000060       0x80 ./src/cr_startup_lpc175x_6x.o
 .debug_aranges
                0x00000000000000e0       0x18 ./src/crp.o
 .debug_aranges
                0x00000000000000f8       0x28 /Users/holawe/Documents/LPCXpresso_8.2.0/workspace/CMSISv2p00_LPC17xx/Debug/libCMSISv2p00_LPC17xx.a(system_LPC17xx.o)

.debug_ranges   0x0000000000000000       0xd8
 .debug_ranges  0x0000000000000000       0x50 ./src/TPFinal.o
 .debug_ranges  0x0000000000000050       0x70 ./src/cr_startup_lpc175x_6x.o
 .debug_ranges  0x00000000000000c0       0x18 /Users/holawe/Documents/LPCXpresso_8.2.0/workspace/CMSISv2p00_LPC17xx/Debug/libCMSISv2p00_LPC17xx.a(system_LPC17xx.o)

.debug_macro    0x0000000000000000     0x2599
 .debug_macro   0x0000000000000000       0xa8 ./src/TPFinal.o
 .debug_macro   0x00000000000000a8      0x88c ./src/TPFinal.o
 .debug_macro   0x0000000000000934       0x1c ./src/TPFinal.o
 .debug_macro   0x0000000000000950       0x2e ./src/TPFinal.o
 .debug_macro   0x000000000000097e       0x10 ./src/TPFinal.o
 .debug_macro   0x000000000000098e      0x12d ./src/TPFinal.o
 .debug_macro   0x0000000000000abb      0x5b2 ./src/TPFinal.o
 .debug_macro   0x000000000000106d       0x18 ./src/TPFinal.o
 .debug_macro   0x0000000000001085      0x7af ./src/TPFinal.o
 .debug_macro   0x0000000000001834      0x2c7 ./src/TPFinal.o
 .debug_macro   0x0000000000001afb       0x82 ./src/TPFinal.o
 .debug_macro   0x0000000000001b7d       0x1d ./src/cr_startup_lpc175x_6x.o
 .debug_macro   0x0000000000001b9a       0x1a ./src/crp.o
 .debug_macro   0x0000000000001bb4       0x34 ./src/crp.o
 .debug_macro   0x0000000000001be8      0x12b /Users/holawe/Documents/LPCXpresso_8.2.0/workspace/CMSISv2p00_LPC17xx/Debug/libCMSISv2p00_LPC17xx.a(system_LPC17xx.o)
 .debug_macro   0x0000000000001d13      0x886 /Users/holawe/Documents/LPCXpresso_8.2.0/workspace/CMSISv2p00_LPC17xx/Debug/libCMSISv2p00_LPC17xx.a(system_LPC17xx.o)

.debug_line     0x0000000000000000      0x612
 .debug_line    0x0000000000000000      0x2dd ./src/TPFinal.o
 .debug_line    0x00000000000002dd       0xd5 ./src/cr_startup_lpc175x_6x.o
 .debug_line    0x00000000000003b2       0x7f ./src/crp.o
 .debug_line    0x0000000000000431      0x1e1 /Users/holawe/Documents/LPCXpresso_8.2.0/workspace/CMSISv2p00_LPC17xx/Debug/libCMSISv2p00_LPC17xx.a(system_LPC17xx.o)

.debug_str      0x0000000000000000     0x8ac4
 .debug_str     0x0000000000000000     0x82b6 ./src/TPFinal.o
                                       0x8337 (size before relaxing)
 .debug_str     0x00000000000082b6      0x1c2 ./src/cr_startup_lpc175x_6x.o
                                       0x2695 (size before relaxing)
 .debug_str     0x0000000000008478       0xe9 ./src/crp.o
                                       0x25ad (size before relaxing)
 .debug_str     0x0000000000008561      0x563 /Users/holawe/Documents/LPCXpresso_8.2.0/workspace/CMSISv2p00_LPC17xx/Debug/libCMSISv2p00_LPC17xx.a(system_LPC17xx.o)
                                       0x8146 (size before relaxing)

.comment        0x0000000000000000       0xdc
 .comment       0x0000000000000000       0x6e ./src/TPFinal.o
                                         0x6f (size before relaxing)
 .comment       0x000000000000006e       0x6f ./src/cr_startup_lpc175x_6x.o
 .comment       0x000000000000006e       0x6f ./src/crp.o
 .comment       0x000000000000006e       0x6f /Users/holawe/Documents/LPCXpresso_8.2.0/workspace/CMSISv2p00_LPC17xx/Debug/libCMSISv2p00_LPC17xx.a(system_LPC17xx.o)
 .comment       0x000000000000006e       0x6e /Applications/lpcxpresso_8.2.0_647/lpcxpresso/tools/bin/../lib/gcc/arm-none-eabi/5.3.1/../../../../arm-none-eabi/lib/armv7-m/libcr_c.a(__weak__main.o)
                                         0x6f (size before relaxing)
 .comment       0x00000000000000dc       0x6f /Applications/lpcxpresso_8.2.0_647/lpcxpresso/tools/bin/../lib/gcc/arm-none-eabi/5.3.1/armv7-m/libcr_eabihelpers.a(float.o)

.ARM.attributes
                0x0000000000000000       0x31
 .ARM.attributes
                0x0000000000000000       0x33 ./src/TPFinal.o
 .ARM.attributes
                0x0000000000000033       0x33 ./src/cr_startup_lpc175x_6x.o
 .ARM.attributes
                0x0000000000000066       0x33 ./src/crp.o
 .ARM.attributes
                0x0000000000000099       0x33 /Users/holawe/Documents/LPCXpresso_8.2.0/workspace/CMSISv2p00_LPC17xx/Debug/libCMSISv2p00_LPC17xx.a(system_LPC17xx.o)
 .ARM.attributes
                0x00000000000000cc       0x33 /Applications/lpcxpresso_8.2.0_647/lpcxpresso/tools/bin/../lib/gcc/arm-none-eabi/5.3.1/../../../../arm-none-eabi/lib/armv7-m/libcr_c.a(__weak__main.o)
 .ARM.attributes
                0x00000000000000ff       0x33 /Applications/lpcxpresso_8.2.0_647/lpcxpresso/tools/bin/../lib/gcc/arm-none-eabi/5.3.1/armv7-m/libcr_eabihelpers.a(float.o)

.debug_frame    0x0000000000000000      0x2dc
 .debug_frame   0x0000000000000000      0x130 ./src/TPFinal.o
 .debug_frame   0x0000000000000130      0x170 ./src/cr_startup_lpc175x_6x.o
 .debug_frame   0x00000000000002a0       0x3c /Users/holawe/Documents/LPCXpresso_8.2.0/workspace/CMSISv2p00_LPC17xx/Debug/libCMSISv2p00_LPC17xx.a(system_LPC17xx.o)
